---
source: crates/language/tests/compile_passes.rs
expression: dump
---
Feature voice(+voice, -voice)

prosody = μ σ Ft ω φ ι U

global trait CorePhonology {
    a => ə / _# @stage word
        else e
    ==
    n => m / _[+labial] @stage stem
}

sign go {
    o => ə / _# @stage phrase
    valence => 2 / _[+move] @stage word
    phon = /go/
    syn.provides = VERB.motion
    g => k / #_ @stage stem
    entrenchment = 0.8
}
