---
source: crates/language/tests/compile_passes.rs
expression: dump
---
Feature voice(+voice, -voice)

prosody = μ σ Ft ω φ ι U

global trait CorePhonology:
    phon:
        n => m / _# @stage stem
        a => ə / _# @stage word

trait VerbCommon:
    entrenchment = 0.5
    syn:
        provides = VERB

sign go:
    entrenchment = 0.8
    syn:
        provides = VERB.motion
    phon:
        /go/
        g => k / #_ @stage stem
        o => ə / _# @stage phrase
