---
source: crates/language/tests/roundtrip.rs
expression: "format!(\"{lang:#?}\")"
---
Language {
    dsl_decls: [
        "Feature voice(+voice, -voice)",
        "Symbol m [+sonorant]",
        "Class vowel {a, e, i, o, u}",
    ],
    prosody: [
        "μ",
        "σ",
        "Ft",
        "ω",
        "φ",
        "ι",
        "U",
    ],
    distribution: [
        (
            "/k/",
            "0.15",
        ),
        (
            "/t/",
            "0.20",
        ),
    ],
    traits: [
        TraitDef {
            name: "CorePhonology",
            global: true,
            blocks: [
                Block {
                    items: [
                        Rule(
                            Rule {
                                id: RuleId(
                                    NodeId {
                                        namespace: Ephemeral,
                                        ordinal: 0,
                                    },
                                ),
                                name: None,
                                phon_block: None,
                                propagate: false,
                                body: "a => ə / _#",
                                stage: Word,
                                dim: Phon,
                                else_chain: [
                                    "ɐ / _[+cons]",
                                    "e",
                                ],
                                then_chain: [],
                                source: SourceLocation {
                                    line: 13,
                                    column: 0,
                                },
                                branch_sources: [
                                    SourceLocation {
                                        line: 14,
                                        column: 0,
                                    },
                                    SourceLocation {
                                        line: 15,
                                        column: 0,
                                    },
                                ],
                            },
                        ),
                    ],
                },
                Block {
                    items: [
                        Rule(
                            Rule {
                                id: RuleId(
                                    NodeId {
                                        namespace: Ephemeral,
                                        ordinal: 1,
                                    },
                                ),
                                name: None,
                                phon_block: None,
                                propagate: false,
                                body: "n => m / _[+labial]",
                                stage: Stem,
                                dim: Phon,
                                else_chain: [],
                                then_chain: [],
                                source: SourceLocation {
                                    line: 18,
                                    column: 0,
                                },
                                branch_sources: [],
                            },
                        ),
                    ],
                },
            ],
        },
        TraitDef {
            name: "VerbCommon",
            global: false,
            blocks: [
                Block {
                    items: [
                        Def(
                            Def {
                                path: "syn.provides",
                                value: "VERB",
                            },
                        ),
                        Def(
                            Def {
                                path: "syn.requires",
                                value: "[agent, patient]",
                            },
                        ),
                    ],
                },
                Block {
                    items: [
                        Def(
                            Def {
                                path: "syn.arity",
                                value: "2",
                            },
                        ),
                    ],
                },
            ],
        },
    ],
    signs: [
        SignDef {
            id: SignId(
                NodeId {
                    namespace: Ephemeral,
                    ordinal: 0,
                },
            ),
            name: "go",
            items: [
                TraitUse {
                    name: "VerbCommon",
                    block: Some(
                        0,
                    ),
                },
                TraitUse {
                    name: "VerbCommon",
                    block: Some(
                        1,
                    ),
                },
                Def(
                    Def {
                        path: "entrenchment",
                        value: "0.8",
                    },
                ),
                Def(
                    Def {
                        path: "sem.senses",
                        value: "[ sense s1 { concept = GO } ]",
                    },
                ),
                Def(
                    Def {
                        path: "phon",
                        value: "/go/",
                    },
                ),
                Rule(
                    Rule {
                        id: RuleId(
                            NodeId {
                                namespace: Ephemeral,
                                ordinal: 2,
                            },
                        ),
                        name: None,
                        phon_block: None,
                        propagate: false,
                        body: "o => ə / _#",
                        stage: Phrase,
                        dim: Phon,
                        else_chain: [],
                        then_chain: [],
                        source: SourceLocation {
                            line: 36,
                            column: 0,
                        },
                        branch_sources: [],
                    },
                ),
            ],
        },
    ],
    rule_namespace: Local,
    next_rule: 3,
    next_sign: 1,
}
