---
source: crates/core/tests/tonogenesis_8_1.rs
expression: transcript
---
*pa
  input         p a  |  
  tonogenesis   p a  |  (H)@0
  dock-tone     p a  |  H~μ0
  devoicing     p a  |  H~μ0
  fill-default  p a  |  H~μ0
  ocp-cleanup   p a  |  H~μ0

*ba
  input         b a  |  
  tonogenesis   b a  |  (L)@0
  dock-tone     b a  |  L~μ0
  devoicing     p a  |  L~μ0
  fill-default  p a  |  L~μ0
  ocp-cleanup   p a  |  L~μ0

*baba
  input         b a b a  |  
  tonogenesis   b a b a  |  (L)@0 (L)@1
  dock-tone     b a b a  |  L~μ0 L~μ1
  devoicing     p a p a  |  L~μ0 L~μ1
  fill-default  p a p a  |  L~μ0 L~μ1
  ocp-cleanup   p a p a  |  L~μ0~μ1

*a
  input         a  |  
  tonogenesis   a  |  
  dock-tone     a  |  
  devoicing     a  |  
  fill-default  a  |  M~μ0
  ocp-cleanup   a  |  M~μ0
