---
source: crates/dsl/tests/dsl_8_6.rs
expression: transcript
---
*bapa
  input                        b a p a
  tonogenesis                  b a p a  |  (H)@0
  dock-tone                    b a p a  |  H~μ1
  Scan(tone along syllable)#1  b a p a  |  H~μ1 H~μ0
  Scan(tone along mora)#1      b a p a  |  L~μ1 H~μ0
  Scan(tone along mora)#2      b a p a  |  L~μ1 H~μ0

*bababa
  input                        b a b a b a
  tonogenesis                  b a b a b a
  dock-tone                    b a b a b a
  Scan(tone along syllable)#1  b a b a b a  |  H~μ1
  Scan(tone along mora)#1      b a b a b a  |  H~μ1
  Scan(tone along mora)#2      b a b a b a  |  H~μ1 H~μ0
