---
source: crates/dsl/tests/lexurgy_golden.rs
expression: report
---
PASS maxel -> mahel
PASS expexax -> ehpehah
PASS ababad -> cccccd
PASS mapel -> mafel
PASS fanoham -> hanoam
PASS pehgept -> fegeft
PASS beeeeeeee -> beiiiiiii
PASS beeiieeii -> beiieeiie

attempted=8 passed=8 skipped_cases=17(M2)
